Microchip MPLAB XC8 Compiler V2.00 ()

Linker command line:

-W-3 --edf=C:\Program Files (x86)\Microchip\xc8\v2.00\pic\dat\en_msgs.txt \
  -cs -h+dist/default/production\relogio_iv-3.X.production.sym \
  --cmf=dist/default/production\relogio_iv-3.X.production.cmf -z -Q16F15356 \
  -oC:\Users\Raphael\AppData\Local\Temp\s5t0.2 --defsym=__MPLAB_BUILD=1 \
  -Mdist/default/production/relogio_iv-3.X.production.map -E1 -ver=XC8 \
  --acfsm=1493 -ASTACK=0219Fh-027efh -pstack=STACK -ACODE=00h-07FFhx8 \
  -ASTRCODE=00h-03FFFh -ASTRING=00h-0FFhx64 -ACONST=00h-0FFhx64 \
  -AENTRY=00h-0FFhx64 -ACOMMON=070h-07Fh -ABANK0=020h-06Fh \
  -ABANK1=0A0h-0EFh -ABANK2=0120h-016Fh -ABANK3=01A0h-01EFh \
  -ABANK4=0220h-026Fh -ABANK5=02A0h-02EFh -ABANK6=0320h-036Fh \
  -ABANK7=03A0h-03EFh -ABANK8=0420h-046Fh -ABANK9=04A0h-04EFh \
  -ABANK10=0520h-056Fh -ABANK11=05A0h-05EFh -ABANK12=0620h-066Fh \
  -ABANK13=06A0h-06EFh -ABANK14=0720h-076Fh -ABANK15=07A0h-07EFh \
  -ABANK16=0820h-086Fh -ABANK17=08A0h-08EFh -ABANK18=0920h-096Fh \
  -ABANK19=09A0h-09EFh -ABANK20=0A20h-0A6Fh -ABANK21=0AA0h-0AEFh \
  -ABANK22=0B20h-0B6Fh -ABANK23=0BA0h-0BEFh -ABANK24=0C20h-0C6Fh \
  -ABANK25=0CA0h-0CBFh -ABIGRAM=02000h-027EFh \
  -ARAM=020h-06Fh,0A0h-0EFh,0120h-016Fh,01A0h-01EFh,0220h-026Fh,02A0h-02EFh,0320h-036Fh,03A0h-03EFh,0420h-046Fh,04A0h-04EFh,0520h-056Fh,05A0h-05EFh,0620h-066Fh,06A0h-06EFh,0720h-076Fh,07A0h-07EFh,0820h-086Fh,08A0h-08EFh,0920h-096Fh,09A0h-09EFh,0A20h-0A6Fh,0AA0h-0AEFh,0B20h-0B6Fh,0BA0h-0BEFh,0C20h-0C6Fh,0CA0h-0CBFh \
  -AABS1=020h-07Fh,0A0h-0EFh,0120h-016Fh,01A0h-01EFh,0220h-026Fh,02A0h-02EFh,0320h-036Fh,03A0h-03EFh,0420h-046Fh,04A0h-04EFh,0520h-056Fh,05A0h-05EFh,0620h-066Fh,06A0h-06EFh,0720h-076Fh,07A0h-07EFh,0820h-086Fh,08A0h-08EFh,0920h-096Fh,09A0h-09EFh,0A20h-0A6Fh,0AA0h-0AEFh,0B20h-0B6Fh,0BA0h-0BEFh,0C20h-0C6Fh,0CA0h-0CBFh \
  -ASFR0=00h-01Fh -ASFR1=080h-09Fh -ASFR2=0100h-011Fh -ASFR3=0180h-019Fh \
  -ASFR4=0200h-021Fh -ASFR5=0280h-029Fh -ASFR6=0300h-031Fh \
  -ASFR7=0380h-039Fh -ASFR8=0400h-041Fh -ASFR9=0480h-049Fh \
  -ASFR10=0500h-051Fh -ASFR11=0580h-059Fh -ASFR12=0600h-061Fh \
  -ASFR13=0680h-069Fh -ASFR14=0700h-071Fh -ASFR15=0780h-079Fh \
  -ASFR16=0800h-081Fh -ASFR17=0880h-089Fh -ASFR18=0900h-091Fh \
  -ASFR19=0980h-099Fh -ASFR20=0A00h-0A1Fh -ASFR21=0A80h-0A9Fh \
  -ASFR22=0B00h-0B1Fh -ASFR23=0B80h-0B9Fh -ASFR24=0C00h-0C1Fh \
  -ASFR25=0C80h-0C9Fh -ASFR26=0D00h-0D6Fh -ASFR27=0D80h-0DEFh \
  -ASFR28=0E00h-0E6Fh -ASFR29=0E80h-0EEFh -ASFR30=0F00h-0F6Fh \
  -ASFR31=0F80h-0FEFh -ASFR32=01000h-0106Fh -ASFR33=01080h-010EFh \
  -ASFR34=01100h-0116Fh -ASFR35=01180h-011EFh -ASFR36=01200h-0126Fh \
  -ASFR37=01280h-012EFh -ASFR38=01300h-0136Fh -ASFR39=01380h-013EFh \
  -ASFR40=01400h-0146Fh -ASFR41=01480h-014EFh -ASFR42=01500h-0156Fh \
  -ASFR43=01580h-015EFh -ASFR44=01600h-0166Fh -ASFR45=01680h-016EFh \
  -ASFR46=01700h-0176Fh -ASFR47=01780h-017EFh -ASFR48=01800h-0186Fh \
  -ASFR49=01880h-018EFh -ASFR50=01900h-0196Fh -ASFR51=01980h-019EFh \
  -ASFR52=01A00h-01A6Fh -ASFR53=01A80h-01AEFh -ASFR54=01B00h-01B6Fh \
  -ASFR55=01B80h-01BEFh -ASFR56=01C00h-01C6Fh -ASFR57=01C80h-01CEFh \
  -ASFR58=01D00h-01D6Fh -ASFR59=01D80h-01DEFh -ASFR60=01E00h-01E6Fh \
  -ASFR61=01E80h-01EEFh -ASFR62=01F00h-01F6Fh -ASFR63=01F80h-01FEFh \
  -preset_vec=00h,intentry=04h,init,end_init -ppowerup=CODE -pcinit=CODE \
  -pfunctab=ENTRY -ACONFIG=08007h-0800Bh -pconfig=CONFIG -DCONFIG=2 \
  -AIDLOC=08000h-08003h -pidloc=IDLOC -DIDLOC=2 -DCODE=2 -DSTRCODE=2 \
  -DSTRING=2 -DCONST=2 -DENTRY=2 -k \
  C:\Users\Raphael\AppData\Local\Temp\s5t0.o \
  dist/default/production\relogio_iv-3.X.production.o 

Object code version is 3.11

Machine type is 16F15356



                Name                               Link     Load   Length Selector   Space Scale
C:\Users\Raphael\AppData\Local\Temp\s5t0.o
                end_init                             43       43        2        8       0
                reset_vec                             0        0        2        0       0
                config                             8007     8007        5    1000E       0
dist/default/production\relogio_iv-3.X.production.o
                cinit                                45       45       34        8       0
                intentry                              4        4       3F        8       0
                text27_split_1                       79       79      721        8       0
                text90                             2EF5     2EF5        7     5DEA       0
                text89                             2F69     2F69        D     5ED2       0
                text88                             1805     1805       53     300A       0
                text87                             2014     2014        3     4028       0
                text86                             2EDB     2EDB        1     5DB6       0
                text85                             2FBF     2FBF       10     5F7E       0
                text84                             2F25     2F25        A     5E4A       0
                swtext2                            2000     2000       14     4000       0
                text83                             243E     243E       44     487C       0
                text82                             23BB     23BB       40     4776       0
                text81                             211A     211A       1E     4234       0
                text80                             2EDC     2EDC        1     5DB8       0
                text79                             2FCF     2FCF       10     5F9E       0
                text78                             2017     2017       12     402E       0
                text77                              818      818       B4     1030       0
                text76                             2051     2051       16     40A2       0
                text75                             100B     100B       AE     2016       0
                text74                             2702     2702       7B     4E04       0
                text73                             1800     1800        1     2B1C       0
                text72                             207E     207E       18     40FC       0
                text70                             2FDF     2FDF       10     5FBE       0
                text69                             1802     1802        3     3004       0
                text68                             20AF     20AF       1A     415E       0
                text67                              800      800       18     1000       0
                text66                             2029     2029       13     4052       0
                text65                             2482     2482       4C     4904       0
                text64                             2F39     2F39        C     5E72       0
                text63                             2F45     2F45        C     5E8A       0
                text62                             2F51     2F51        C     5EA2       0
                text61                             2309     2309       39     4612       0
                text60                             21DE     21DE       25     43BC       0
                text59                             2067     2067       17     40CE       0
                text58                             2698     2698       6A     4D30       0
                text57                              79A      79A       5E        8       0
                text56                             22A5     22A5       2F     454A       0
                swtext1                            2820     2820        E     5040       0
                text55                             122A     122A      185     2454       0
                text54                             2197     2197       23     432E       0
                text53                             20C9     20C9       1A     4192       0
                text52                             21BA     21BA       24     4374       0
                text51                             1AEB     1AEB       E7     35D6       0
                text50                             1972     1972       99     32E4       0
                text49                             1858     1858       85     30B0       0
                text48                             20FD     20FD       1D     41FA       0
                text47                             1801     1801        1     3002       0
                text46                             25D3     25D3       5D     4BA6       0
                text45                             224F     224F       2B     449E       0
                text44                             227A     227A       2B     44F4       0
                text43                             251F     251F       5A     4A3E       0
                text42                             10B9     10B9      171     2172       0
                text41                             13AF     13AF      1DF     275E       0
                text40                             24CE     24CE       51     499C       0
                text39                             1A0B     1A0B       E0     3416       0
                text38                             2228     2228       27     4450       0
                text37                              8CC      8CC      317     1198       0
                text36                             2F76     2F76        E     5EEC       0
                text35                             158E     158E      272     2B1C       0
                text34                             2176     2176       21     42EC       0
                text33                             18DD     18DD       95     31BA       0
                text32                             277D     277D       83     4EFA       0
                text31                             1CC0     1CC0       FE     3980       0
                text30                             2203     2203       25     4406       0
                text29                             20E3     20E3       1A     41C6       0
                text28                             22D4     22D4       35     45A8       0
                text27                             1DBE     1DBE      106     3B7C       0
                text26                             2630     2630       68     4C60       0
                text25                              BE3      BE3      41D     17C6       0
                text24                             2342     2342       3B     4684       0
                text23                             237D     237D       3E     46FA       0
                text22                             1EC4     1EC4      13C     3D88       0
                text21                             2EFC     2EFC        7     5DF8       0
                text20                             2FEF     2FEF       11     5FDE       0
                text19                             2096     2096       19     412C       0
                text18                             1000     1000        B     17C6       0
                text17                             2F2F     2F2F        A     5E5E       0
                text16                             2F0A     2F0A        9     5E14       0
                text15                             23FB     23FB       43     47F6       0
                text14                              7F8      7F8        8        8       0
                text13                             2F03     2F03        7     5E06       0
                text12                             2EDD     2EDD        6     5DBA       0
                text11                             2EE3     2EE3        6     5DC6       0
                text10                             2F13     2F13        9     5E26       0
                text9                              203C     203C       15     4078       0
                text8                              2F1C     2F1C        9     5E38       0
                text7                              2138     2138       1F     4270       0
                text6                              2F84     2F84        E     5F08       0
                text5                              2157     2157       1F     42AE       0
                text4                              2579     2579       5A     4AF2       0
                text3                              2F92     2F92        F     5F24       0
                text2                              2FA1     2FA1        F     5F42       0
                text1                              2FB0     2FB0        F     5F60       0
                maintext                           1BD2     1BD2       EE     37A4       0
                cstackBANK0                          20       20       30       20       1
                cstackCOMMON                         70       70        E       70       1
                cstackBANK1                          A0       A0       4D       A0       1
                cstackBANK2                         120      120       44      120       1
                cstackBANK3                         1D9      1D9        8      1A0       1
                cstackBANK5                         2A0      2A0        F      2A0       1
                clrtext                            2EE9     2EE9        6     5DD2       0
                inittext                           2EEF     2EEF        6     5DDE       0
                bssBANK4                            220      220       50      220       1
                dataBANK3                           1CD      1CD        C      1A0       1
                bssBANK3                            1A0      1A0       2D      1A0       1
                dataBANK2                           169      169        2      120       1
                bssBANK2                            164      164        3      120       1
                bssBANK0                             50       50       10       20       1
                stringtext8                        301B     301B        3     6000       0
                stringtext7                        3017     3017        4     6000       0
                stringtext6                        3013     3013        4     6000       0
                stringtext5                        300F     300F        4     6000       0
                stringtext4                        300B     300B        4     6000       0
                stringtext3                        3006     3006        5     6000       0
                stringtext2                        3000     3000        6     6000       0
                nvBANK3                             1E1      1E1        6      1A0       1
                nvBANK2                             167      167        2      120       1
                stringtext1                        2800     2800       20     5000       0
                idataBANK3                         2F5D     2F5D        C     5EBA       0
                idataBANK2                            2        2        2        0       0

TOTAL           Name                               Link     Load   Length     Space
        CLASS   STACK          

        CLASS   CODE           
                end_init                             43       43        2         0
                cinit                                45       45       34         0
                intentry                              4        4       3F         0
                reset_vec                             0        0        2         0
                text27_split_1                       79       79      721         0
                text90                             2EF5     2EF5        7         0
                text89                             2F69     2F69        D         0
                text88                             1805     1805       53         0
                text87                             2014     2014        3         0
                text86                             2EDB     2EDB        1         0
                text85                             2FBF     2FBF       10         0
                text84                             2F25     2F25        A         0
                text83                             243E     243E       44         0
                text82                             23BB     23BB       40         0
                text81                             211A     211A       1E         0
                text80                             2EDC     2EDC        1         0
                text79                             2FCF     2FCF       10         0
                text78                             2017     2017       12         0
                text77                              818      818       B4         0
                text76                             2051     2051       16         0
                text75                             100B     100B       AE         0
                text74                             2702     2702       7B         0
                text73                             1800     1800        1         0
                text72                             207E     207E       18         0
                text70                             2FDF     2FDF       10         0
                text69                             1802     1802        3         0
                text68                             20AF     20AF       1A         0
                text67                              800      800       18         0
                text66                             2029     2029       13         0
                text65                             2482     2482       4C         0
                text64                             2F39     2F39        C         0
                text63                             2F45     2F45        C         0
                text62                             2F51     2F51        C         0
                text61                             2309     2309       39         0
                text60                             21DE     21DE       25         0
                text59                             2067     2067       17         0
                text58                             2698     2698       6A         0
                text57                              79A      79A       5E         0
                text56                             22A5     22A5       2F         0
                text55                             122A     122A      185         0
                text54                             2197     2197       23         0
                text53                             20C9     20C9       1A         0
                text52                             21BA     21BA       24         0
                text51                             1AEB     1AEB       E7         0
                text50                             1972     1972       99         0
                text49                             1858     1858       85         0
                text48                             20FD     20FD       1D         0
                text47                             1801     1801        1         0
                text46                             25D3     25D3       5D         0
                text45                             224F     224F       2B         0
                text44                             227A     227A       2B         0
                text43                             251F     251F       5A         0
                text42                             10B9     10B9      171         0
                text41                             13AF     13AF      1DF         0
                text40                             24CE     24CE       51         0
                text39                             1A0B     1A0B       E0         0
                text38                             2228     2228       27         0
                text37                              8CC      8CC      317         0
                text36                             2F76     2F76        E         0
                text35                             158E     158E      272         0
                text34                             2176     2176       21         0
                text33                             18DD     18DD       95         0
                text32                             277D     277D       83         0
                text31                             1CC0     1CC0       FE         0
                text30                             2203     2203       25         0
                text29                             20E3     20E3       1A         0
                text28                             22D4     22D4       35         0
                text27                             1DBE     1DBE      106         0
                text26                             2630     2630       68         0
                text25                              BE3      BE3      41D         0
                text24                             2342     2342       3B         0
                text23                             237D     237D       3E         0
                text22                             1EC4     1EC4      13C         0
                text21                             2EFC     2EFC        7         0
                text20                             2FEF     2FEF       11         0
                text19                             2096     2096       19         0
                text18                             1000     1000        B         0
                text17                             2F2F     2F2F        A         0
                text16                             2F0A     2F0A        9         0
                text15                             23FB     23FB       43         0
                text14                              7F8      7F8        8         0
                text13                             2F03     2F03        7         0
                text12                             2EDD     2EDD        6         0
                text11                             2EE3     2EE3        6         0
                text10                             2F13     2F13        9         0
                text9                              203C     203C       15         0
                text8                              2F1C     2F1C        9         0
                text7                              2138     2138       1F         0
                text6                              2F84     2F84        E         0
                text5                              2157     2157       1F         0
                text4                              2579     2579       5A         0
                text3                              2F92     2F92        F         0
                text2                              2FA1     2FA1        F         0
                text1                              2FB0     2FB0        F         0
                maintext                           1BD2     1BD2       EE         0
                clrtext                            2EE9     2EE9        6         0
                inittext                           2EEF     2EEF        6         0
                idataBANK3                         2F5D     2F5D        C         0
                idataBANK2                            2        2        2         0

        CLASS   STRCODE        
                stringtext8                        301B     301B        3         0
                stringtext7                        3017     3017        4         0
                stringtext6                        3013     3013        4         0
                stringtext5                        300F     300F        4         0
                stringtext4                        300B     300B        4         0
                stringtext3                        3006     3006        5         0
                stringtext2                        3000     3000        6         0
                stringtext1                        2800     2800       20         0

        CLASS   STRING         

        CLASS   CONST          
                swtext2                            2000     2000       14         0
                swtext1                            2820     2820        E         0

        CLASS   ENTRY          

        CLASS   COMMON         
                cstackCOMMON                         70       70        E         1

        CLASS   BANK0          
                cstackBANK0                          20       20       30         1
                bssBANK0                             50       50       10         1

        CLASS   BANK1          
                cstackBANK1                          A0       A0       4D         1

        CLASS   BANK2          
                cstackBANK2                         120      120       44         1
                dataBANK2                           169      169        2         1
                bssBANK2                            164      164        3         1
                nvBANK2                             167      167        2         1

        CLASS   BANK3          
                cstackBANK3                         1D9      1D9        8         1
                dataBANK3                           1CD      1CD        C         1
                bssBANK3                            1A0      1A0       2D         1
                nvBANK3                             1E1      1E1        6         1

        CLASS   BANK4          
                bssBANK4                            220      220       50         1

        CLASS   BANK5          
                cstackBANK5                         2A0      2A0        F         1

        CLASS   BANK6          

        CLASS   BANK7          

        CLASS   BANK8          

        CLASS   BANK9          

        CLASS   BANK10         

        CLASS   BANK11         

        CLASS   BANK12         

        CLASS   BANK13         

        CLASS   BANK14         

        CLASS   BANK15         

        CLASS   BANK16         

        CLASS   BANK17         

        CLASS   BANK18         

        CLASS   BANK19         

        CLASS   BANK20         

        CLASS   BANK21         

        CLASS   BANK22         

        CLASS   BANK23         

        CLASS   BANK24         

        CLASS   BANK25         

        CLASS   BIGRAM         

        CLASS   RAM            

        CLASS   ABS1           
                abs_s1                               7E       7E        2         1

        CLASS   SFR0           

        CLASS   SFR1           

        CLASS   SFR2           

        CLASS   SFR3           

        CLASS   SFR4           

        CLASS   SFR5           

        CLASS   SFR6           

        CLASS   SFR7           

        CLASS   SFR8           

        CLASS   SFR9           

        CLASS   SFR10          

        CLASS   SFR11          

        CLASS   SFR12          

        CLASS   SFR13          

        CLASS   SFR14          

        CLASS   SFR15          

        CLASS   SFR16          

        CLASS   SFR17          

        CLASS   SFR18          

        CLASS   SFR19          

        CLASS   SFR20          

        CLASS   SFR21          

        CLASS   SFR22          

        CLASS   SFR23          

        CLASS   SFR24          

        CLASS   SFR25          

        CLASS   SFR26          

        CLASS   SFR27          

        CLASS   SFR28          

        CLASS   SFR29          

        CLASS   SFR30          

        CLASS   SFR31          

        CLASS   SFR32          

        CLASS   SFR33          

        CLASS   SFR34          

        CLASS   SFR35          

        CLASS   SFR36          

        CLASS   SFR37          

        CLASS   SFR38          

        CLASS   SFR39          

        CLASS   SFR40          

        CLASS   SFR41          

        CLASS   SFR42          

        CLASS   SFR43          

        CLASS   SFR44          

        CLASS   SFR45          

        CLASS   SFR46          

        CLASS   SFR47          

        CLASS   SFR48          

        CLASS   SFR49          

        CLASS   SFR50          

        CLASS   SFR51          

        CLASS   SFR52          

        CLASS   SFR53          

        CLASS   SFR54          

        CLASS   SFR55          

        CLASS   SFR56          

        CLASS   SFR57          

        CLASS   SFR58          

        CLASS   SFR59          

        CLASS   SFR60          

        CLASS   SFR61          

        CLASS   SFR62          

        CLASS   SFR63          

        CLASS   CONFIG         
                config                             8007     8007        5         0

        CLASS   IDLOC          

        CLASS   BANK63         

        CLASS   BANK62         

        CLASS   BANK61         

        CLASS   BANK60         

        CLASS   BANK59         

        CLASS   BANK58         

        CLASS   BANK57         

        CLASS   BANK56         

        CLASS   BANK55         

        CLASS   BANK54         

        CLASS   BANK53         

        CLASS   BANK52         

        CLASS   BANK51         

        CLASS   BANK50         

        CLASS   BANK49         

        CLASS   BANK48         

        CLASS   BANK47         

        CLASS   BANK46         

        CLASS   BANK45         

        CLASS   BANK44         

        CLASS   BANK43         

        CLASS   BANK42         

        CLASS   BANK41         

        CLASS   BANK40         

        CLASS   BANK39         

        CLASS   BANK38         

        CLASS   BANK37         

        CLASS   BANK36         

        CLASS   BANK35         

        CLASS   BANK34         

        CLASS   BANK33         

        CLASS   BANK32         

        CLASS   BANK31         

        CLASS   BANK30         

        CLASS   BANK29         

        CLASS   BANK28         

        CLASS   BANK27         

        CLASS   BANK26         

        CLASS   EEDATA         



SEGMENTS        Name                           Load    Length   Top    Selector   Space  Class     Delta

                reset_vec                      000000  000004  000004         0       0  CODE        2
                intentry                       000004  0007FC  000800         8       0  CODE        2
                cstackBANK0                    000020  000040  000060        20       1  BANK0       1
                cstackCOMMON                   000070  00000E  00007E        70       1  COMMON      1
                cstackBANK1                    0000A0  00004D  0000ED        A0       1  BANK1       1
                cstackBANK2                    000120  00004B  00016B       120       1  BANK2       1
                bssBANK3                       0001A0  000047  0001E7       1A0       1  BANK3       1
                bssBANK4                       000220  000050  000270       220       1  BANK4       1
                cstackBANK5                    0002A0  00000F  0002AF       2A0       1  BANK5       1
                text67                         000800  000018  000818      1000       0  CODE        2
                text77                         000818  0000B4  0008CC      1030       0  CODE        2
                text37                         0008CC  000317  000BE3      1198       0  CODE        2
                text25                         000BE3  000428  00100B      17C6       0  CODE        2
                text75                         00100B  0000AE  0010B9      2016       0  CODE        2
                text42                         0010B9  000171  00122A      2172       0  CODE        2
                text55                         00122A  000185  0013AF      2454       0  CODE        2
                text41                         0013AF  0001DF  00158E      275E       0  CODE        2
                text35                         00158E  000273  001801      2B1C       0  CODE        2
                text47                         001801  000001  001802      3002       0  CODE        2
                text69                         001802  000003  001805      3004       0  CODE        2
                text88                         001805  000053  001858      300A       0  CODE        2
                text49                         001858  000085  0018DD      30B0       0  CODE        2
                text33                         0018DD  000095  001972      31BA       0  CODE        2
                text50                         001972  000099  001A0B      32E4       0  CODE        2
                text39                         001A0B  0000E0  001AEB      3416       0  CODE        2
                text51                         001AEB  0000E7  001BD2      35D6       0  CODE        2
                maintext                       001BD2  0000EE  001CC0      37A4       0  CODE        2
                text31                         001CC0  0000FE  001DBE      3980       0  CODE        2
                text27                         001DBE  000106  001EC4      3B7C       0  CODE        2
                text22                         001EC4  00013C  002000      3D88       0  CODE        2
                swtext2                        002000  000014  002014      4000       0  CONST       2
                text87                         002014  000003  002017      4028       0  CODE        2
                text78                         002017  000012  002029      402E       0  CODE        2
                text66                         002029  000013  00203C      4052       0  CODE        2
                text9                          00203C  000015  002051      4078       0  CODE        2
                text76                         002051  000016  002067      40A2       0  CODE        2
                text59                         002067  000017  00207E      40CE       0  CODE        2
                text72                         00207E  000018  002096      40FC       0  CODE        2
                text19                         002096  000019  0020AF      412C       0  CODE        2
                text68                         0020AF  00001A  0020C9      415E       0  CODE        2
                text53                         0020C9  00001A  0020E3      4192       0  CODE        2
                text29                         0020E3  00001A  0020FD      41C6       0  CODE        2
                text48                         0020FD  00001D  00211A      41FA       0  CODE        2
                text81                         00211A  00001E  002138      4234       0  CODE        2
                text7                          002138  00001F  002157      4270       0  CODE        2
                text5                          002157  00001F  002176      42AE       0  CODE        2
                text34                         002176  000021  002197      42EC       0  CODE        2
                text54                         002197  000023  0021BA      432E       0  CODE        2
                text52                         0021BA  000024  0021DE      4374       0  CODE        2
                text60                         0021DE  000025  002203      43BC       0  CODE        2
                text30                         002203  000025  002228      4406       0  CODE        2
                text38                         002228  000027  00224F      4450       0  CODE        2
                text45                         00224F  00002B  00227A      449E       0  CODE        2
                text44                         00227A  00002B  0022A5      44F4       0  CODE        2
                text56                         0022A5  00002F  0022D4      454A       0  CODE        2
                text28                         0022D4  000035  002309      45A8       0  CODE        2
                text61                         002309  000039  002342      4612       0  CODE        2
                text24                         002342  00003B  00237D      4684       0  CODE        2
                text23                         00237D  00003E  0023BB      46FA       0  CODE        2
                text82                         0023BB  000040  0023FB      4776       0  CODE        2
                text15                         0023FB  000043  00243E      47F6       0  CODE        2
                text83                         00243E  000044  002482      487C       0  CODE        2
                text65                         002482  00004C  0024CE      4904       0  CODE        2
                text40                         0024CE  000051  00251F      499C       0  CODE        2
                text43                         00251F  00005A  002579      4A3E       0  CODE        2
                text4                          002579  00005A  0025D3      4AF2       0  CODE        2
                text46                         0025D3  00005D  002630      4BA6       0  CODE        2
                text26                         002630  000068  002698      4C60       0  CODE        2
                text58                         002698  00006A  002702      4D30       0  CODE        2
                text74                         002702  00007B  00277D      4E04       0  CODE        2
                text32                         00277D  000083  002800      4EFA       0  CODE        2
                stringtext1                    002800  000020  002820      5000       0  STRCODE     2
                swtext1                        002820  00000E  00282E      5040       0  CONST       2
                text86                         002EDB  000001  002EDC      5DB6       0  CODE        2
                text80                         002EDC  000001  002EDD      5DB8       0  CODE        2
                text12                         002EDD  000006  002EE3      5DBA       0  CODE        2
                text11                         002EE3  000006  002EE9      5DC6       0  CODE        2
                clrtext                        002EE9  000006  002EEF      5DD2       0  CODE        2
                inittext                       002EEF  000006  002EF5      5DDE       0  CODE        2
                text90                         002EF5  000007  002EFC      5DEA       0  CODE        2
                text21                         002EFC  000007  002F03      5DF8       0  CODE        2
                text13                         002F03  000007  002F0A      5E06       0  CODE        2
                text16                         002F0A  000009  002F13      5E14       0  CODE        2
                text10                         002F13  000009  002F1C      5E26       0  CODE        2
                text8                          002F1C  000009  002F25      5E38       0  CODE        2
                text84                         002F25  00000A  002F2F      5E4A       0  CODE        2
                text17                         002F2F  00000A  002F39      5E5E       0  CODE        2
                text64                         002F39  00000C  002F45      5E72       0  CODE        2
                text63                         002F45  00000C  002F51      5E8A       0  CODE        2
                text62                         002F51  00000C  002F5D      5EA2       0  CODE        2
                idataBANK3                     002F5D  00000C  002F69      5EBA       0  CODE        2
                text89                         002F69  00000D  002F76      5ED2       0  CODE        2
                text36                         002F76  00000E  002F84      5EEC       0  CODE        2
                text6                          002F84  00000E  002F92      5F08       0  CODE        2
                text3                          002F92  00000F  002FA1      5F24       0  CODE        2
                text2                          002FA1  00000F  002FB0      5F42       0  CODE        2
                text1                          002FB0  00000F  002FBF      5F60       0  CODE        2
                text85                         002FBF  000010  002FCF      5F7E       0  CODE        2
                text79                         002FCF  000010  002FDF      5F9E       0  CODE        2
                text70                         002FDF  000010  002FEF      5FBE       0  CODE        2
                text20                         002FEF  000011  003000      5FDE       0  CODE        2
                stringtext2                    003000  00001E  00301E      6000       0  STRCODE     2
                config                         008007  000005  00800C     1000E       0  CONFIG      2


UNUSED ADDRESS RANGES

        Name                Unused          Largest block    Delta
        BANK0            000060-00006F               10           1
        BANK1            0000ED-0000EF                3           1
        BANK10           000520-00056F               50           1
        BANK11           0005A0-0005EF               50           1
        BANK12           000620-00066F               50           1
        BANK13           0006A0-0006EF               50           1
        BANK14           000720-00076F               50           1
        BANK15           0007A0-0007EF               50           1
        BANK16           000820-00086F               50           1
        BANK17           0008A0-0008EF               50           1
        BANK18           000920-00096F               50           1
        BANK19           0009A0-0009EF               50           1
        BANK2            00016B-00016F                5           1
        BANK20           000A20-000A6F               50           1
        BANK21           000AA0-000AEF               50           1
        BANK22           000B20-000B6F               50           1
        BANK23           000BA0-000BEF               50           1
        BANK24           000C20-000C6F               50           1
        BANK25           000CA0-000CBF               20           1
        BANK3            0001E7-0001EF                9           1
        BANK5            0002AF-0002EF               41           1
        BANK6            000320-00036F               50           1
        BANK7            0003A0-0003EF               50           1
        BANK8            000420-00046F               50           1
        BANK9            0004A0-0004EF               50           1
        BIGRAM           002000-0027EF              7F0           1
        CODE             00282E-002EDA              6AD           2
                         00301E-003FFF              7E2
        CONST            00282E-002EDA              100           2
                         00301E-003FFF              100
        ENTRY            00282E-002EDA              100           2
                         00301E-003FFF              100
        IDLOC            008000-008003                4           2
        RAM              000060-00006F               10           1
                         0000ED-0000EF                3
                         00016B-00016F                5
                         0001E7-0001EF                9
                         0002AF-0002EF               41
                         000320-00036F               50
                         0003A0-0003EF               50
                         000420-00046F               50
                         0004A0-0004EF               50
                         000520-00056F               50
                         0005A0-0005EF               50
                         000620-00066F               50
                         0006A0-0006EF               50
                         000720-00076F               50
                         0007A0-0007EF               50
                         000820-00086F               50
                         0008A0-0008EF               50
                         000920-00096F               50
                         0009A0-0009EF               50
                         000A20-000A6F               50
                         000AA0-000AEF               50
                         000B20-000B6F               50
                         000BA0-000BEF               50
                         000C20-000C6F               50
                         000CA0-000CBF               20
        SFR0             000000-00001F               20           1
        SFR1             000080-00009F               20           1
        SFR10            000500-00051F               20           1
        SFR11            000580-00059F               20           1
        SFR12            000600-00061F               20           1
        SFR13            000680-00069F               20           1
        SFR14            000700-00071F               20           1
        SFR15            000780-00079F               20           1
        SFR16            000800-00081F               20           1
        SFR17            000880-00089F               20           1
        SFR18            000900-00091F               20           1
        SFR19            000980-00099F               20           1
        SFR2             000100-00011F               20           1
        SFR20            000A00-000A1F               20           1
        SFR21            000A80-000A9F               20           1
        SFR22            000B00-000B1F               20           1
        SFR23            000B80-000B9F               20           1
        SFR24            000C00-000C1F               20           1
        SFR25            000C80-000C9F               20           1
        SFR26            000D00-000D6F               70           1
        SFR27            000D80-000DEF               70           1
        SFR28            000E00-000E6F               70           1
        SFR29            000E80-000EEF               70           1
        SFR3             000180-00019F               20           1
        SFR30            000F00-000F6F               70           1
        SFR31            000F80-000FEF               70           1
        SFR32            001000-00106F               70           1
        SFR33            001080-0010EF               70           1
        SFR34            001100-00116F               70           1
        SFR35            001180-0011EF               70           1
        SFR36            001200-00126F               70           1
        SFR37            001280-0012EF               70           1
        SFR38            001300-00136F               70           1
        SFR39            001380-0013EF               70           1
        SFR4             000200-00021F               20           1
        SFR40            001400-00146F               70           1
        SFR41            001480-0014EF               70           1
        SFR42            001500-00156F               70           1
        SFR43            001580-0015EF               70           1
        SFR44            001600-00166F               70           1
        SFR45            001680-0016EF               70           1
        SFR46            001700-00176F               70           1
        SFR47            001780-0017EF               70           1
        SFR48            001800-00186F               70           1
        SFR49            001880-0018EF               70           1
        SFR5             000280-00029F               20           1
        SFR50            001900-00196F               70           1
        SFR51            001980-0019EF               70           1
        SFR52            001A00-001A6F               70           1
        SFR53            001A80-001AEF               70           1
        SFR54            001B00-001B6F               70           1
        SFR55            001B80-001BEF               70           1
        SFR56            001C00-001C6F               70           1
        SFR57            001C80-001CEF               70           1
        SFR58            001D00-001D6F               70           1
        SFR59            001D80-001DEF               70           1
        SFR6             000300-00031F               20           1
        SFR60            001E00-001E6F               70           1
        SFR61            001E80-001EEF               70           1
        SFR62            001F00-001F6F               70           1
        SFR63            001F80-001FEF               70           1
        SFR7             000380-00039F               20           1
        SFR8             000400-00041F               20           1
        SFR9             000480-00049F               20           1
        STACK            00219F-0027EF              651           1
        STRCODE          00282E-002EDA              6AD           2
                         00301E-003FFF              FE2
        STRING           00282E-002EDA              100           2
                         00301E-003FFF              100

                                  Symbol Table

?_ADC_GetConversionResult                   cstackCOMMON 000070
?__Umul8_16                                 cstackBANK0  000030
?___aldiv                                   cstackBANK0  000030
?___almod                                   cstackBANK0  000030
?___awdiv                                   cstackBANK0  000030
?___awmod                                   cstackBANK0  000030
?___fladd                                   cstackBANK0  000030
?___fldiv                                   cstackBANK0  000030
?___flmul                                   cstackBANK0  000039
?___flneg                                   cstackBANK0  000030
?___flsub                                   cstackBANK0  000048
?___fltol                                   cstackBANK0  000030
?___fpclassifyf                             cstackBANK0  000030
?___wmul                                    cstackBANK0  000030
?___xxtofl                                  cstackCOMMON 000070
?_abs                                       cstackBANK0  00003B
?_atoi                                      cstackBANK0  000036
?_dtoa                                      cstackBANK0  000049
?_efgtoa                                    cstackBANK1  0000B5
?_floorf                                    cstackBANK0  00004A
?_isdigit                                   cstackBANK0  000030
?_isspace                                   cstackBANK0  000030
?_isupper                                   cstackBANK0  000030
?_pad                                       cstackBANK0  000040
?_sprintf                                   cstackBANK2  00015C
?_strlen                                    cstackBANK0  000030
?_strncmp                                   cstackBANK0  000030
?_tolower                                   cstackBANK0  000036
?_vfpfcnvrt                                 cstackBANK1  0000BE
?_vfprintf                                  cstackBANK2  000159
ADC_SelectChannel@channel                   cstackBANK0  000031
Acende_Num@num                              cstackCOMMON 000072
AcenderAlgarismo@num                        cstackCOMMON 000072
BCDToDecimal@byte0                          cstackBANK0  000037
DS3231_AddData@byte0                        cstackBANK0  000046
DS3231_AddData@byte1                        cstackBANK0  000047
DS3231_GetInfo@byte0                        cstackBANK0  000035
DS3231_GetInfo@byte1                        cstackBANK0  000036
DS3231_GetTime@byte0                        cstackBANK3  0001DF
DS3231_GetTime@byte1                        cstackBANK3  0001DE
DS3231_GetTime@byte2                        cstackBANK3  0001D9
DS3231_GetTime@p                            cstackBANK3  0001E0
DS3231_SetInfo@byte0                        cstackBANK0  000042
DS3231_SetInfo@byte1                        cstackBANK0  000041
DecimalToBCD@byte0                          cstackBANK0  000040
I2C_Init@clock_output                       cstackBANK0  000031
I2C_ReadByte@acknowledge                    cstackBANK0  000032
I2C_ReadByte@buffer_I2C                     cstackBANK0  000033
I2C_WriteByte@data_out                      cstackBANK0  000032
IOCCF7_SetInterruptHandler@InterruptHandler cstackBANK0  000030
PWM3_LoadDutyValue@dutyValue                cstackBANK0  000030
TMR0_SetInterruptHandler@InterruptHandler   cstackBANK0  000030
TMR1_SetInterruptHandler@InterruptHandler   cstackBANK0  000030
TMR1_WriteTimer@timerVal                    cstackCOMMON 000070
_ADACT                                      (abs)        00009F
_ADCON0                                     (abs)        00009D
_ADCON0bits                                 (abs)        00009D
_ADCON1                                     (abs)        00009E
_ADC_BTN_TIME                               bssBANK0     00005E
_ADC_GetConversionResult                    text90       002EF5
_ADC_ISR                                    text88       001805
_ADC_Initialize                             text18       001000
_ADC_SelectChannel                          text70       002FDF
_ADC_StartConversion                        text69       001802
_ADRESH                                     (abs)        00009C
_ADRESL                                     (abs)        00009B
_ANSELA                                     (abs)        001F38
_ANSELB                                     (abs)        001F43
_ANSELC                                     (abs)        001F4E
_ANSELCbits                                 (abs)        001F4E
_Acende_Num                                 text83       00243E
_AcenderAlgarismo                           text82       0023BB
_BCDToDecimal                               text67       000800
_DS3231_AddData                             text55       00122A
_DS3231_GetInfo                             text60       0021DE
_DS3231_GetTime                             text22       001EC4
_DS3231_SetInfo                             text59       002067
_DecimalToBCD                               text56       0022A5
_I2C_Close                                  text21       002EFC
_I2C_Idle                                   text66       002029
_I2C_Init                                   text20       002FEF
_I2C_ReadByte                               text65       002482
_I2C_RepeatedStart                          text64       002F39
_I2C_Start                                  text63       002F45
_I2C_Stop                                   text62       002F51
_I2C_WriteByte                              text61       002309
_INLVLA                                     (abs)        001F3C
_INLVLB                                     (abs)        001F47
_INLVLC                                     (abs)        001F52
_INLVLE                                     (abs)        001F68
_INTCONbits                                 (abs)        00000B
_INTERRUPT_InterruptManager                 intentry     000004
_IOCCF7_DefaultInterruptHandler             text86       002EDB
_IOCCF7_ISR                                 text85       002FBF
_IOCCF7_InterruptHandler                    nvBANK3      0001E5
_IOCCF7_SetInterruptHandler                 text16       002F0A
_IOCCFbits                                  (abs)        001F55
_IOCCNbits                                  (abs)        001F54
_IOCCPbits                                  (abs)        001F53
_LATA                                       (abs)        000018
_LATAbits                                   (abs)        000018
_LATB                                       (abs)        000019
_LATC                                       (abs)        00001A
_LATCbits                                   (abs)        00001A
_ODCONA                                     (abs)        001F3A
_ODCONB                                     (abs)        001F45
_ODCONC                                     (abs)        001F50
_OSCCON1                                    (abs)        00088D
_OSCCON3                                    (abs)        00088F
_OSCEN                                      (abs)        000891
_OSCFRQ                                     (abs)        000893
_OSCILLATOR_Initialize                      text17       002F2F
_OSCSTAT                                    (abs)        000890
_OSCTUNE                                    (abs)        000892
_PIE0bits                                   (abs)        000716
_PIE1bits                                   (abs)        000717
_PIE3bits                                   (abs)        000719
_PIE4bits                                   (abs)        00071A
_PIN_MANAGER_IOC                            text84       002F25
_PIN_MANAGER_Initialize                     text15       0023FB
_PIR0bits                                   (abs)        00070C
_PIR1bits                                   (abs)        00070D
_PIR3bits                                   (abs)        00070F
_PIR4bits                                   (abs)        000710
_PMD0                                       (abs)        000796
_PMD1                                       (abs)        000797
_PMD2                                       (abs)        000798
_PMD3                                       (abs)        000799
_PMD4                                       (abs)        00079A
_PMD5                                       (abs)        00079B
_PMD_Initialize                             text14       0007F8
_PR2                                        (abs)        00028D
_PWM3CON                                    (abs)        000316
_PWM3DCH                                    (abs)        000315
_PWM3DCL                                    (abs)        000314
_PWM3_Initialize                            text13       002F03
_PWM3_LoadDutyValue                         text19       002096
_PWM5CON                                    (abs)        00031E
_PWM5DCH                                    (abs)        00031D
_PWM5DCL                                    (abs)        00031C
_PWM5_Initialize                            text12       002EDD
_PWM6CON                                    (abs)        00038E
_PWM6DCH                                    (abs)        00038D
_PWM6DCL                                    (abs)        00038C
_PWM6_Initialize                            text11       002EE3
_RA0PPS                                     (abs)        001F10
_RA1PPS                                     (abs)        001F11
_RC2PPS                                     (abs)        001F22
_RC5PPS                                     (abs)        001F25
_RC6PPS                                     (abs)        001F26
_SLRCONA                                    (abs)        001F3B
_SLRCONB                                    (abs)        001F46
_SLRCONC                                    (abs)        001F51
_SSP1ADD                                    (abs)        00018D
_SSP1BUF                                    (abs)        00018C
_SSP1CLKPPS                                 (abs)        001EC5
_SSP1CON1                                   (abs)        000190
_SSP1CON1bits                               (abs)        000190
_SSP1CON2                                   (abs)        000191
_SSP1CON2bits                               (abs)        000191
_SSP1DATPPS                                 (abs)        001EC6
_SSP1MSK                                    (abs)        00018E
_SSP1STAT                                   (abs)        00018F
_SSP1STATbits                               (abs)        00018F
_SYSTEM_Initialize                          text5        002157
_SampleSharedAuxInputs                      text4        002579
_T0CON0                                     (abs)        00059E
_T0CON0bits                                 (abs)        00059E
_T0CON1                                     (abs)        00059F
_T1CLK                                      (abs)        000211
_T1CON                                      (abs)        00020E
_T1CONbits                                  (abs)        00020E
_T1GATE                                     (abs)        000210
_T1GCON                                     (abs)        00020F
_T1GCONbits                                 (abs)        00020F
_T2CLKCON                                   (abs)        000290
_T2CON                                      (abs)        00028E
_T2CONbits                                  (abs)        00028E
_T2HLT                                      (abs)        00028F
_T2HLTbits                                  (abs)        00028F
_T2PR                                       (abs)        00028D
_T2RST                                      (abs)        000291
_T2RSTbits                                  (abs)        000291
_T2TMR                                      (abs)        00028C
_TMR0H                                      (abs)        00059D
_TMR0L                                      (abs)        00059C
_TMR0_DefaultInterruptHandler               text80       002EDC
_TMR0_ISR                                   text79       002FCF
_TMR0_Initialize                            text9        00203C
_TMR0_InterruptHandler                      nvBANK3      0001E1
_TMR0_SetInterruptHandler                   text10       002F13
_TMR1H                                      (abs)        00020D
_TMR1L                                      (abs)        00020C
_TMR1_DefaultInterruptHandler               text73       001800
_TMR1_ISR                                   text72       00207E
_TMR1_Initialize                            text7        002138
_TMR1_InterruptHandler                      nvBANK3      0001E3
_TMR1_SetInterruptHandler                   text8        002F1C
_TMR1_WriteTimer                            text78       002017
_TMR2                                       (abs)        00028C
_TMR2_Initialize                            text6        002F84
_TRISA                                      (abs)        000012
_TRISB                                      (abs)        000013
_TRISC                                      (abs)        000014
_WPUA                                       (abs)        001F39
_WPUB                                       (abs)        001F44
_WPUC                                       (abs)        001F4F
_WPUE                                       (abs)        001F65
__CFG_BBEN$OFF                              (abs)        000000
__CFG_BBSIZE$BB512                          (abs)        000000
__CFG_BOREN$OFF                             (abs)        000000
__CFG_BORV$LO                               (abs)        000000
__CFG_CLKOUTEN$OFF                          (abs)        000000
__CFG_CP$OFF                                (abs)        000000
__CFG_CSWEN$ON                              (abs)        000000
__CFG_FCMEN$ON                              (abs)        000000
__CFG_FEXTOSC$OFF                           (abs)        000000
__CFG_LPBOREN$OFF                           (abs)        000000
__CFG_LVP$OFF                               (abs)        000000
__CFG_MCLRE$ON                              (abs)        000000
__CFG_PPS1WAY$ON                            (abs)        000000
__CFG_PWRTE$ON                              (abs)        000000
__CFG_RSTOSC$HFINT1                         (abs)        000000
__CFG_SAFEN$OFF                             (abs)        000000
__CFG_STVREN$ON                             (abs)        000000
__CFG_WDTCCS$SC                             (abs)        000000
__CFG_WDTCPS$WDTCPS_31                      (abs)        000000
__CFG_WDTCWS$WDTCWS_7                       (abs)        000000
__CFG_WDTE$OFF                              (abs)        000000
__CFG_WRTAPP$OFF                            (abs)        000000
__CFG_WRTB$OFF                              (abs)        000000
__CFG_WRTC$OFF                              (abs)        000000
__CFG_WRTSAF$OFF                            (abs)        000000
__CFG_ZCD$OFF                               (abs)        000000
__Habs1                                     abs1         000000
__Hbank0                                    bank0        000000
__Hbank1                                    bank1        000000
__Hbank10                                   bank10       000000
__Hbank11                                   bank11       000000
__Hbank12                                   bank12       000000
__Hbank13                                   bank13       000000
__Hbank14                                   bank14       000000
__Hbank15                                   bank15       000000
__Hbank16                                   bank16       000000
__Hbank17                                   bank17       000000
__Hbank18                                   bank18       000000
__Hbank19                                   bank19       000000
__Hbank2                                    bank2        000000
__Hbank20                                   bank20       000000
__Hbank21                                   bank21       000000
__Hbank22                                   bank22       000000
__Hbank23                                   bank23       000000
__Hbank24                                   bank24       000000
__Hbank25                                   bank25       000000
__Hbank26                                   bank26       000000
__Hbank27                                   bank27       000000
__Hbank28                                   bank28       000000
__Hbank29                                   bank29       000000
__Hbank3                                    bank3        000000
__Hbank30                                   bank30       000000
__Hbank31                                   bank31       000000
__Hbank32                                   bank32       000000
__Hbank33                                   bank33       000000
__Hbank34                                   bank34       000000
__Hbank35                                   bank35       000000
__Hbank36                                   bank36       000000
__Hbank37                                   bank37       000000
__Hbank38                                   bank38       000000
__Hbank39                                   bank39       000000
__Hbank4                                    bank4        000000
__Hbank40                                   bank40       000000
__Hbank41                                   bank41       000000
__Hbank42                                   bank42       000000
__Hbank43                                   bank43       000000
__Hbank44                                   bank44       000000
__Hbank45                                   bank45       000000
__Hbank46                                   bank46       000000
__Hbank47                                   bank47       000000
__Hbank48                                   bank48       000000
__Hbank49                                   bank49       000000
__Hbank5                                    bank5        000000
__Hbank50                                   bank50       000000
__Hbank51                                   bank51       000000
__Hbank52                                   bank52       000000
__Hbank53                                   bank53       000000
__Hbank54                                   bank54       000000
__Hbank55                                   bank55       000000
__Hbank56                                   bank56       000000
__Hbank57                                   bank57       000000
__Hbank58                                   bank58       000000
__Hbank59                                   bank59       000000
__Hbank6                                    bank6        000000
__Hbank60                                   bank60       000000
__Hbank61                                   bank61       000000
__Hbank62                                   bank62       000000
__Hbank63                                   bank63       000000
__Hbank7                                    bank7        000000
__Hbank8                                    bank8        000000
__Hbank9                                    bank9        000000
__Hbigram                                   bigram       000000
__HbssBANK0                                 bssBANK0     000000
__HbssBANK2                                 bssBANK2     000000
__HbssBANK3                                 bssBANK3     000000
__HbssBANK4                                 bssBANK4     000000
__Hcinit                                    cinit        000079
__Hclrtext                                  clrtext      000000
__Hcode                                     code         000000
__Hcommon                                   common       000000
__Hconfig                                   config       00800C
__HcstackBANK0                              cstackBANK0  000000
__HcstackBANK1                              cstackBANK1  000000
__HcstackBANK2                              cstackBANK2  000000
__HcstackBANK3                              cstackBANK3  000000
__HcstackBANK5                              cstackBANK5  000000
__HcstackCOMMON                             cstackCOMMON 000000
__HdataBANK2                                dataBANK2    000000
__HdataBANK3                                dataBANK3    000000
__Heeprom_data                              eeprom_data  000000
__Hend_init                                 end_init     000045
__Hfunctab                                  functab      000000
__HidataBANK2                               idataBANK2   000000
__HidataBANK3                               idataBANK3   000000
__Hidloc                                    idloc        000000
__Hinit                                     init         000043
__Hinittext                                 inittext     000000
__Hintentry                                 intentry     000043
__Hmaintext                                 maintext     000000
__HnvBANK2                                  nvBANK2      000000
__HnvBANK3                                  nvBANK3      000000
__Hpowerup                                  powerup      000000
__Hram                                      ram          000000
__Hreset_vec                                reset_vec    000002
__Hsfr0                                     sfr0         000000
__Hsfr1                                     sfr1         000000
__Hsfr10                                    sfr10        000000
__Hsfr11                                    sfr11        000000
__Hsfr12                                    sfr12        000000
__Hsfr13                                    sfr13        000000
__Hsfr14                                    sfr14        000000
__Hsfr15                                    sfr15        000000
__Hsfr16                                    sfr16        000000
__Hsfr17                                    sfr17        000000
__Hsfr18                                    sfr18        000000
__Hsfr19                                    sfr19        000000
__Hsfr2                                     sfr2         000000
__Hsfr20                                    sfr20        000000
__Hsfr21                                    sfr21        000000
__Hsfr22                                    sfr22        000000
__Hsfr23                                    sfr23        000000
__Hsfr24                                    sfr24        000000
__Hsfr25                                    sfr25        000000
__Hsfr26                                    sfr26        000000
__Hsfr27                                    sfr27        000000
__Hsfr28                                    sfr28        000000
__Hsfr29                                    sfr29        000000
__Hsfr3                                     sfr3         000000
__Hsfr30                                    sfr30        000000
__Hsfr31                                    sfr31        000000
__Hsfr32                                    sfr32        000000
__Hsfr33                                    sfr33        000000
__Hsfr34                                    sfr34        000000
__Hsfr35                                    sfr35        000000
__Hsfr36                                    sfr36        000000
__Hsfr37                                    sfr37        000000
__Hsfr38                                    sfr38        000000
__Hsfr39                                    sfr39        000000
__Hsfr4                                     sfr4         000000
__Hsfr40                                    sfr40        000000
__Hsfr41                                    sfr41        000000
__Hsfr42                                    sfr42        000000
__Hsfr43                                    sfr43        000000
__Hsfr44                                    sfr44        000000
__Hsfr45                                    sfr45        000000
__Hsfr46                                    sfr46        000000
__Hsfr47                                    sfr47        000000
__Hsfr48                                    sfr48        000000
__Hsfr49                                    sfr49        000000
__Hsfr5                                     sfr5         000000
__Hsfr50                                    sfr50        000000
__Hsfr51                                    sfr51        000000
__Hsfr52                                    sfr52        000000
__Hsfr53                                    sfr53        000000
__Hsfr54                                    sfr54        000000
__Hsfr55                                    sfr55        000000
__Hsfr56                                    sfr56        000000
__Hsfr57                                    sfr57        000000
__Hsfr58                                    sfr58        000000
__Hsfr59                                    sfr59        000000
__Hsfr6                                     sfr6         000000
__Hsfr60                                    sfr60        000000
__Hsfr61                                    sfr61        000000
__Hsfr62                                    sfr62        000000
__Hsfr63                                    sfr63        000000
__Hsfr7                                     sfr7         000000
__Hsfr8                                     sfr8         000000
__Hsfr9                                     sfr9         000000
__Hspace_0                                  (abs)        00800C
__Hspace_1                                  (abs)        0002AF
__Hspace_2                                  (abs)        000000
__Hspace_3                                  (abs)        000000
__Hstack                                    stack        000000
__Hstrings                                  strings      000000
__Hstringtext1                              stringtext1  000000
__Hstringtext2                              stringtext2  000000
__Hstringtext3                              stringtext3  000000
__Hstringtext4                              stringtext4  000000
__Hstringtext5                              stringtext5  000000
__Hstringtext6                              stringtext6  000000
__Hstringtext7                              stringtext7  000000
__Hstringtext8                              stringtext8  000000
__Hstringtext9                              stringtext9  000000
__Htext                                     text         000000
__Labs1                                     abs1         000000
__Lbank0                                    bank0        000000
__Lbank1                                    bank1        000000
__Lbank10                                   bank10       000000
__Lbank11                                   bank11       000000
__Lbank12                                   bank12       000000
__Lbank13                                   bank13       000000
__Lbank14                                   bank14       000000
__Lbank15                                   bank15       000000
__Lbank16                                   bank16       000000
__Lbank17                                   bank17       000000
__Lbank18                                   bank18       000000
__Lbank19                                   bank19       000000
__Lbank2                                    bank2        000000
__Lbank20                                   bank20       000000
__Lbank21                                   bank21       000000
__Lbank22                                   bank22       000000
__Lbank23                                   bank23       000000
__Lbank24                                   bank24       000000
__Lbank25                                   bank25       000000
__Lbank26                                   bank26       000000
__Lbank27                                   bank27       000000
__Lbank28                                   bank28       000000
__Lbank29                                   bank29       000000
__Lbank3                                    bank3        000000
__Lbank30                                   bank30       000000
__Lbank31                                   bank31       000000
__Lbank32                                   bank32       000000
__Lbank33                                   bank33       000000
__Lbank34                                   bank34       000000
__Lbank35                                   bank35       000000
__Lbank36                                   bank36       000000
__Lbank37                                   bank37       000000
__Lbank38                                   bank38       000000
__Lbank39                                   bank39       000000
__Lbank4                                    bank4        000000
__Lbank40                                   bank40       000000
__Lbank41                                   bank41       000000
__Lbank42                                   bank42       000000
__Lbank43                                   bank43       000000
__Lbank44                                   bank44       000000
__Lbank45                                   bank45       000000
__Lbank46                                   bank46       000000
__Lbank47                                   bank47       000000
[...]
      Params:         0       0       0       0       0       0       0       0       0       0       0       0       0       0       0       0       0       0       0       0       0       0       0       0       0       0       0
      Locals:         0       0       0       0       0       0       0       0       0       0       0       0       0       0       0       0       0       0       0       0       0       0       0       0       0       0       0
      Temps:          0       0       0       0       0       0       0       0       0       0       0       0       0       0       0       0       0       0       0       0       0       0       0       0       0       0       0
      Totals:         0       0       0       0       0       0       0       0       0       0       0       0       0       0       0       0       0       0       0       0       0       0       0       0       0       0       0
Total ram usage:        0 bytes
 Hardware stack levels used:    1
 This function calls:
		Nothing
 This function is called by:
		_PIN_MANAGER_Initialize
		_IOCCF7_ISR
 This function uses a non-reentrant model


 *************** function _btn_care *****************
 Defined at:
		line 16 in file "hardware.c"
 Parameters:    Size  Location     Type
		None
 Auto vars:     Size  Location     Type
		None
 Return value:  Size  Location     Type
                  1    wreg      void 
 Registers used:
		None
 Tracked objects:
		On entry : 
		On exit  : 
		Unchanged: 
 Data sizes:     COMMON   BANK0   BANK1   BANK2   BANK3   BANK4   BANK5   BANK6   BANK7   BANK8   BANK9  BANK10  BANK11  BANK12  BANK13  BANK14  BANK15  BANK16  BANK17  BANK18  BANK19  BANK20  BANK21  BANK22  BANK23  BANK24  BANK25
      Params:         0       0       0       0       0       0       0       0       0       0       0       0       0       0       0       0       0       0       0       0       0       0       0       0       0       0       0
      Locals:         0       0       0       0       0       0       0       0       0       0       0       0       0       0       0       0       0       0       0       0       0       0       0       0       0       0       0
      Temps:          0       0       0       0       0       0       0       0       0       0       0       0       0       0       0       0       0       0       0       0       0       0       0       0       0       0       0
      Totals:         0       0       0       0       0       0       0       0       0       0       0       0       0       0       0       0       0       0       0       0       0       0       0       0       0       0       0
Total ram usage:        0 bytes
 Hardware stack levels used:    1
 This function calls:
		Nothing
 This function is called by:
		_main
		_IOCCF7_ISR
 This function uses a non-reentrant model


 *************** function _ADC_ISR *****************
 Defined at:
		line 139 in file "mcc_generated_files/adc.c"
 Parameters:    Size  Location     Type
		None
 Auto vars:     Size  Location     Type
		None
 Return value:  Size  Location     Type
                  1    wreg      void 
 Registers used:
		wreg, fsr0l, fsr0h, status,2, status,0, pclath, cstack
 Tracked objects:
		On entry : 
		On exit  : 
		Unchanged: 
 Data sizes:     COMMON   BANK0   BANK1   BANK2   BANK3   BANK4   BANK5   BANK6   BANK7   BANK8   BANK9  BANK10  BANK11  BANK12  BANK13  BANK14  BANK15  BANK16  BANK17  BANK18  BANK19  BANK20  BANK21  BANK22  BANK23  BANK24  BANK25
      Params:         0       0       0       0       0       0       0       0       0       0       0       0       0       0       0       0       0       0       0       0       0       0       0       0       0       0       0
      Locals:         0       0       0       0       0       0       0       0       0       0       0       0       0       0       0       0       0       0       0       0       0       0       0       0       0       0       0
      Temps:          2       0       0       0       0       0       0       0       0       0       0       0       0       0       0       0       0       0       0       0       0       0       0       0       0       0       0
      Totals:         2       0       0       0       0       0       0       0       0       0       0       0       0       0       0       0       0       0       0       0       0       0       0       0       0       0       0
Total ram usage:        2 bytes
 Hardware stack levels used:    1
 Hardware stack levels required when called:    1
 This function calls:
		_ADC_GetConversionResult
		i1_ADC_SelectChannel
 This function is called by:
		_INTERRUPT_InterruptManager
 This function uses a non-reentrant model


 *************** function i1_ADC_SelectChannel *****************
 Defined at:
		line 89 in file "mcc_generated_files/adc.c"
 Parameters:    Size  Location     Type
  channel         1    wreg     enum E7308
 Auto vars:     Size  Location     Type
  channel         1    1[COMMON] enum E7308
 Return value:  Size  Location     Type
                  1    wreg      void 
 Registers used:
		wreg, status,2, status,0
 Tracked objects:
		On entry : 
		On exit  : 
		Unchanged: 
 Data sizes:     COMMON   BANK0   BANK1   BANK2   BANK3   BANK4   BANK5   BANK6   BANK7   BANK8   BANK9  BANK10  BANK11  BANK12  BANK13  BANK14  BANK15  BANK16  BANK17  BANK18  BANK19  BANK20  BANK21  BANK22  BANK23  BANK24  BANK25
      Params:         0       0       0       0       0       0       0       0       0       0       0       0       0       0       0       0       0       0       0       0       0       0       0       0       0       0       0
      Locals:         1       0       0       0       0       0       0       0       0       0       0       0       0       0       0       0       0       0       0       0       0       0       0       0       0       0       0
      Temps:          1       0       0       0       0       0       0       0       0       0       0       0       0       0       0       0       0       0       0       0       0       0       0       0       0       0       0
      Totals:         2       0       0       0       0       0       0       0       0       0       0       0       0       0       0       0       0       0       0       0       0       0       0       0       0       0       0
Total ram usage:        2 bytes
 Hardware stack levels used:    1
 This function calls:
		Nothing
 This function is called by:
		_ADC_ISR
 This function uses a non-reentrant model


 *************** function _ADC_GetConversionResult *****************
 Defined at:
		line 110 in file "mcc_generated_files/adc.c"
 Parameters:    Size  Location     Type
		None
 Auto vars:     Size  Location     Type
		None
 Return value:  Size  Location     Type
                  2    0[COMMON] unsigned short 
 Registers used:
		wreg
 Tracked objects:
		On entry : 
		On exit  : 
		Unchanged: 
 Data sizes:     COMMON   BANK0   BANK1   BANK2   BANK3   BANK4   BANK5   BANK6   BANK7   BANK8   BANK9  BANK10  BANK11  BANK12  BANK13  BANK14  BANK15  BANK16  BANK17  BANK18  BANK19  BANK20  BANK21  BANK22  BANK23  BANK24  BANK25
      Params:         2       0       0       0       0       0       0       0       0       0       0       0       0       0       0       0       0       0       0       0       0       0       0       0       0       0       0
      Locals:         0       0       0       0       0       0       0       0       0       0       0       0       0       0       0       0       0       0       0       0       0       0       0       0       0       0       0
      Temps:          0       0       0       0       0       0       0       0       0       0       0       0       0       0       0       0       0       0       0       0       0       0       0       0       0       0       0
      Totals:         2       0       0       0       0       0       0       0       0       0       0       0       0       0       0       0       0       0       0       0       0       0       0       0       0       0       0
Total ram usage:        2 bytes
 Hardware stack levels used:    1
 This function calls:
		Nothing
 This function is called by:
		_ADC_ISR
 This function uses a non-reentrant model



MODULE INFORMATION

Module		Function		Class		Link	Load	Size
C:\Program Files (x86)\Microchip\xc8\v2.00\pic\sources\c99\common\isspace.c
		_isspace       		CODE           	21BA	0000	37

C:\Program Files (x86)\Microchip\xc8\v2.00\pic\sources\c99\common\isspace.c estimated size: 37

C:\Program Files (x86)\Microchip\xc8\v2.00\pic\sources\c99\common\strncmp.c
		_strncmp       		CODE           	2630	0000	105

C:\Program Files (x86)\Microchip\xc8\v2.00\pic\sources\c99\common\strncmp.c estimated size: 105

C:\Program Files (x86)\Microchip\xc8\v2.00\pic\sources\c99\common\tolower.c
		_tolower       		CODE           	22D4	0000	54

C:\Program Files (x86)\Microchip\xc8\v2.00\pic\sources\c99\common\tolower.c estimated size: 54

C:\Program Files (x86)\Microchip\xc8\v2.00\pic\sources\c99\common\floorf.c
		_floorf        		CODE           	1CC0	0000	255

C:\Program Files (x86)\Microchip\xc8\v2.00\pic\sources\c99\common\floorf.c estimated size: 255

C:\Program Files (x86)\Microchip\xc8\v2.00\pic\sources\c99\common\sprcmul.c
		___flmul       		CODE           	08CC	0000	792

C:\Program Files (x86)\Microchip\xc8\v2.00\pic\sources\c99\common\sprcmul.c estimated size: 792

mcc_generated_files/pwm6.c
		_PWM6_Initialize		CODE           	2EE3	0000	7

mcc_generated_files/pwm6.c estimated size: 7

my_i2c.c
		_I2C_Close     		CODE           	2EFC	0000	8
		_I2C_Idle      		CODE           	2029	0000	20
		_I2C_RepeatedStart		CODE           	2F39	0000	13
		_I2C_Stop      		CODE           	2F51	0000	13
		_I2C_WriteByte 		CODE           	2309	0000	58
		_I2C_Init      		CODE           	2FEF	0000	18
		_I2C_ReadByte  		CODE           	2482	0000	77
		_I2C_Start     		CODE           	2F45	0000	13

my_i2c.c estimated size: 220

C:\Program Files (x86)\Microchip\xc8\v2.00\pic\sources\c99\common\sprcdiv.c
		___fldiv       		CODE           	13AF	0000	480

C:\Program Files (x86)\Microchip\xc8\v2.00\pic\sources\c99\common\sprcdiv.c estimated size: 480

mcc_generated_files/tmr2.c
		_TMR2_Initialize		CODE           	2F84	0000	15

mcc_generated_files/tmr2.c estimated size: 15

mcc_generated_files/interrupt_manager.c
		_INTERRUPT_InterruptManager		CODE           	0004	0000	64

mcc_generated_files/interrupt_manager.c estimated size: 64

C:\Program Files (x86)\Microchip\xc8\v2.00\pic\sources\c99\common\Umul8_16.c
		__Umul8_16     		CODE           	2228	0000	40

C:\Program Files (x86)\Microchip\xc8\v2.00\pic\sources\c99\common\Umul8_16.c estimated size: 40

C:\Program Files (x86)\Microchip\xc8\v2.00\pic\sources\c99\common\xxtofl.c
		___xxtofl      		CODE           	0818	0000	181

C:\Program Files (x86)\Microchip\xc8\v2.00\pic\sources\c99\common\xxtofl.c estimated size: 181

C:\Program Files (x86)\Microchip\xc8\v2.00\pic\sources\c99\common\awmod.c
		___awmod       		CODE           	079A	0000	95

C:\Program Files (x86)\Microchip\xc8\v2.00\pic\sources\c99\common\awmod.c estimated size: 95

mcc_generated_files/tmr0.c
		_TMR0_SetInterruptHandler		CODE           	2F13	0000	10
		_TMR0_DefaultInterruptHandler		CODE           	2EDC	0000	2
		_TMR0_ISR      		CODE           	2FCF	0000	17
		_TMR0_Initialize		CODE           	203C	0000	22

mcc_generated_files/tmr0.c estimated size: 51

C:\Program Files (x86)\Microchip\xc8\v2.00\pic\sources\c99\common\putch.c
		_putch         		CODE           	1801	0000	2

C:\Program Files (x86)\Microchip\xc8\v2.00\pic\sources\c99\common\putch.c estimated size: 2

C:\Program Files (x86)\Microchip\xc8\v2.00\pic\sources\c99\common\flge.c
		___flge        		CODE           	1A0B	0000	225

C:\Program Files (x86)\Microchip\xc8\v2.00\pic\sources\c99\common\flge.c estimated size: 225

C:\Program Files (x86)\Microchip\xc8\v2.00\pic\sources\c99\common\strlen.c
		_strlen        		CODE           	227A	0000	44

C:\Program Files (x86)\Microchip\xc8\v2.00\pic\sources\c99\common\strlen.c estimated size: 44

mcc_generated_files/pin_manager.c
		_PIN_MANAGER_Initialize		CODE           	23FB	0000	68
		_IOCCF7_DefaultInterruptHandler		CODE           	2EDB	0000	2
		_IOCCF7_ISR    		CODE           	2FBF	0000	17
		_PIN_MANAGER_IOC		CODE           	2F25	0000	11
		_IOCCF7_SetInterruptHandler		CODE           	2F0A	0000	10

mcc_generated_files/pin_manager.c estimated size: 108

C:\Program Files (x86)\Microchip\xc8\v2.00\pic\sources\c99\common\almod.c
		___almod       		CODE           	1858	0000	134

C:\Program Files (x86)\Microchip\xc8\v2.00\pic\sources\c99\common\almod.c estimated size: 134

C:\Program Files (x86)\Microchip\xc8\v2.00\pic\sources\c99\common\strcpy.c
		_strcpy        		CODE           	2203	0000	38

C:\Program Files (x86)\Microchip\xc8\v2.00\pic\sources\c99\common\strcpy.c estimated size: 38

C:\Program Files (x86)\Microchip\xc8\v2.00\pic\sources\c99\common\nf_fputc.c
		_fputc         		CODE           	25D3	0000	94

C:\Program Files (x86)\Microchip\xc8\v2.00\pic\sources\c99\common\nf_fputc.c estimated size: 94

C:\Program Files (x86)\Microchip\xc8\v2.00\pic\sources\c99\common\abs.c
		_abs           		CODE           	20FD	0000	30

C:\Program Files (x86)\Microchip\xc8\v2.00\pic\sources\c99\common\abs.c estimated size: 30

mcc_generated_files/adc.c
		_ADC_Initialize		CODE           	1000	0000	12
		_ADC_GetConversionResult		CODE           	2EF5	0000	8
		_ADC_StartConversion		CODE           	1802	0000	4
		_ADC_ISR       		CODE           	1805	0000	84
		_ADC_SelectChannel		CODE           	2FDF	0000	17

mcc_generated_files/adc.c estimated size: 125

C:\Program Files (x86)\Microchip\xc8\v2.00\pic\sources\c99\common\nf_sprintf.c
		_sprintf       		CODE           	237D	0000	63

C:\Program Files (x86)\Microchip\xc8\v2.00\pic\sources\c99\common\nf_sprintf.c estimated size: 63

ds3231.c
		_DS3231_AddData		CODE           	122A	0000	390
		_DS3231_GetTime		CODE           	1EC4	0000	317
		_DS3231_GetInfo		CODE           	21DE	0000	38
		_DS3231_SetInfo		CODE           	2067	0000	24
		_BCDToDecimal  		CODE           	0800	0000	25
		_DecimalToBCD  		CODE           	22A5	0000	48

ds3231.c estimated size: 842

C:\Program Files (x86)\Microchip\xc8\v2.00\pic\sources\c99\common\isdigit.c
		_isdigit       		CODE           	20C9	0000	27

C:\Program Files (x86)\Microchip\xc8\v2.00\pic\sources\c99\common\isdigit.c estimated size: 27

C:\Program Files (x86)\Microchip\xc8\v2.00\pic\sources\c99\common\sprcadd.c
		___flsub       		CODE           	2176	0000	34
		___fladd       		CODE           	158E	0000	627

C:\Program Files (x86)\Microchip\xc8\v2.00\pic\sources\c99\common\sprcadd.c estimated size: 661

C:\Program Files (x86)\Microchip\xc8\v2.00\pic\sources\c99\common\doprnt.c
		_vfpfcnvrt     		CODE           	0BE3	0000	1054
		_efgtoa        		CODE           	1DBE	0000	2088
		_pad           		CODE           	251F	0000	91
		_dtoa          		CODE           	10B9	0000	370
		_vfprintf      		CODE           	2342	0000	60

C:\Program Files (x86)\Microchip\xc8\v2.00\pic\sources\c99\common\doprnt.c estimated size: 3663

C:\Program Files (x86)\Microchip\xc8\v2.00\pic\sources\c99\common\awdiv.c
		___awdiv       		CODE           	2698	0000	107

C:\Program Files (x86)\Microchip\xc8\v2.00\pic\sources\c99\common\awdiv.c estimated size: 107

shared
		__initialization		CODE           	0045	0000	49
		i1___flge      		CODE           	100B	0000	175
		_fsmStateTable 		STRCODE        	2800	0000	33
		i1_ADC_SelectChannel		CODE           	2F69	0000	14
		i1_PWM3_LoadDutyValue		CODE           	2051	0000	23

shared estimated size: 294

C:\Program Files (x86)\Microchip\xc8\v2.00\pic\sources\c99\common\fltol.c
		___fltol       		CODE           	18DD	0000	150

C:\Program Files (x86)\Microchip\xc8\v2.00\pic\sources\c99\common\fltol.c estimated size: 150

mcc_generated_files/pwm5.c
		_PWM5_Initialize		CODE           	2EDD	0000	7

mcc_generated_files/pwm5.c estimated size: 7

mcc_generated_files/mcc.c
		_PMD_Initialize		CODE           	07F8	0000	9
		_OSCILLATOR_Initialize		CODE           	2F2F	0000	11
		_SYSTEM_Initialize		CODE           	2157	0000	32

mcc_generated_files/mcc.c estimated size: 52

C:\Program Files (x86)\Microchip\xc8\v2.00\pic\sources\c99\common\aldiv.c
		___aldiv       		CODE           	1972	0000	154

C:\Program Files (x86)\Microchip\xc8\v2.00\pic\sources\c99\common\aldiv.c estimated size: 154

mcc_generated_files/pwm3.c
		_PWM3_Initialize		CODE           	2F03	0000	8
		_PWM3_LoadDutyValue		CODE           	2096	0000	26

mcc_generated_files/pwm3.c estimated size: 34

C:\Program Files (x86)\Microchip\xc8\v2.00\pic\sources\c99\common\Umul8.c
		___bmul        		CODE           	20AF	0000	27

C:\Program Files (x86)\Microchip\xc8\v2.00\pic\sources\c99\common\Umul8.c estimated size: 27

hardware.c
		_SampleSharedAuxInputs		CODE           	2579	0000	91
		_btn_care      		CODE           	2014	0000	4
		_getBTN3       		CODE           	2FB0	0000	16
		_getBTN2       		CODE           	2FA1	0000	16
		_getBTN1       		CODE           	2F92	0000	16

hardware.c estimated size: 143

mcc_generated_files/tmr1.c
		_TMR1_Initialize		CODE           	2138	0000	32
		_TMR1_SetInterruptHandler		CODE           	2F1C	0000	10
		_TMR1_DefaultInterruptHandler		CODE           	1800	0000	2
		_TMR1_WriteTimer		CODE           	2017	0000	19
		_TMR1_ISR      		CODE           	207E	0000	25

mcc_generated_files/tmr1.c estimated size: 88

C:\Program Files (x86)\Microchip\xc8\v2.00\pic\sources\c99\common\__fpclassifyf.c
		___fpclassifyf 		CODE           	277D	0000	132

C:\Program Files (x86)\Microchip\xc8\v2.00\pic\sources\c99\common\__fpclassifyf.c estimated size: 132

display.c
		_Acende_Num    		CODE           	243E	0000	69
		_display_care  		CODE           	211A	0000	31
		_AcenderAlgarismo		CODE           	23BB	0000	65

display.c estimated size: 165

C:\Program Files (x86)\Microchip\xc8\v2.00\pic\sources\c99\common\atoi.c
		_atoi          		CODE           	1AEB	0000	232

C:\Program Files (x86)\Microchip\xc8\v2.00\pic\sources\c99\common\atoi.c estimated size: 232

C:\Program Files (x86)\Microchip\xc8\v2.00\pic\sources\c99\common\fleq.c
		___fleq        		CODE           	24CE	0000	82

C:\Program Files (x86)\Microchip\xc8\v2.00\pic\sources\c99\common\fleq.c estimated size: 82

C:\Program Files (x86)\Microchip\xc8\v2.00\pic\sources\c99\common\Umul16.c
		___wmul        		CODE           	2197	0000	36

C:\Program Files (x86)\Microchip\xc8\v2.00\pic\sources\c99\common\Umul16.c estimated size: 36

main.c
		_main          		CODE           	1BD2	0000	239

main.c estimated size: 239

C:\Program Files (x86)\Microchip\xc8\v2.00\pic\sources\c99\common\nf_fputs.c
		_fputs         		CODE           	224F	0000	44

C:\Program Files (x86)\Microchip\xc8\v2.00\pic\sources\c99\common\nf_fputs.c estimated size: 44

C:\Program Files (x86)\Microchip\xc8\v2.00\pic\sources\c99\common\isupper.c
		_isupper       		CODE           	20E3	0000	27

C:\Program Files (x86)\Microchip\xc8\v2.00\pic\sources\c99\common\isupper.c estimated size: 27

step-up.c
		_boost_care    		CODE           	2702	0000	124

step-up.c estimated size: 124

C:\Program Files (x86)\Microchip\xc8\v2.00\pic\sources\c99\common\flneg.c
		___flneg       		CODE           	2F76	0000	15

C:\Program Files (x86)\Microchip\xc8\v2.00\pic\sources\c99\common\flneg.c estimated size: 15

